[backblue.gif]
[fade.gif]
[index.html]
[www.bridgemin.org/images/logobanner2014.jpg]
[www.bridgemin.org/about/images/Dan_Tim.jpg]
[www.bridgemin.org/images/cause-statement-6.gif]
[www.bridgemin.org/images/facebook.jpg]
[www.bridgemin.org/index.html]
[www.bridgemin.org/index-2.html]
[www.bridgemin.org/images/Denise_and_Jack.jpg]
[www.bridgemin.org/spiritualcare/index.html]
[www.bridgemin.org/mobility/images/2008mobility_center.jpg]
[www.bridgemin.org/mobility/images/2009MobilityToolsFrank.jpg]
[www.bridgemin.org/images/BobMeyer.jpg]
[www.bridgemin.org/mobility/index.html]
[www.bridgemin.org/Guardianship/images/Guardianship_Brochure.jpg]
[www.bridgemin.org/Guardianship/index.html]
[www.bridgemin.org/about/contact.html]
[www.bridgemin.org/about/images/bridgemin-local-map.jpg]
[www.bridgemin.org/about/directions.html]
[www.bridgemin.org/about/staff.html]
[www.bridgemin.org/about/board.html]
[www.bridgemin.org/about/images/newsletter_photo2010.jpg]
[www.bridgemin.org/pdfs/2015SpringNewsletter.pdf]
[www.bridgemin.org/pdfs/2014WinterNewsletter.pdf]
[www.bridgemin.org/pdfs/2014FallNewsletter.pdf]
[www.bridgemin.org/pdfs/2014SummerNewsletter.pdf]
[www.bridgemin.org/pdfs/2013WinterNewsletter.pdf]
[www.bridgemin.org/pdfs/2013SummerNewsletter.pdf]
[www.bridgemin.org/pdfs/2013SpringNewsletter.pdf]
[www.bridgemin.org/pdfs/2012WinterNewsletter.pdf]
[www.bridgemin.org/pdfs/2012SummerNewsletter.pdf]
[www.bridgemin.org/pdfs/2012SpringNewsletter.pdf]
[www.bridgemin.org/pdfs/2011FallNewsletter.pdf]
[www.bridgemin.org/pdfs/2011SummerNewsletter.pdf]
[www.bridgemin.org/pdfs/2011SpringNewsletter.pdf]
[www.bridgemin.org/pdfs/2010FallNewsletter.pdf]
[www.bridgemin.org/pdfs/2010SummerNewsletter.pdf]
[www.bridgemin.org/pdfs/2010WinterNewsletter.pdf]
[www.bridgemin.org/pdfs/2009FallNewsletter.pdf]
[www.bridgemin.org/pdfs/2009SummerNewsletter.pdf]
[www.bridgemin.org/pdfs/2009WinterNewsletter.pdf]
[www.bridgemin.org/pdfs/2008FallNewsletter.pdf]
[www.bridgemin.org/pdfs/2008SummerNewsletter.pdf]
[www.bridgemin.org/pdfs/2008WinterNewsletter.pdf]
[www.bridgemin.org/pdfs/2013AnnualReport.pdf]
[www.bridgemin.org/pdfs/2012AnnualReport.pdf]
[www.bridgemin.org/pdfs/2011AnnualReport.pdf]
[www.bridgemin.org/pdfs/2010_Annual_Report.pdf]
[www.bridgemin.org/pdfs/2009_Annual_Report.pdf]
[www.bridgemin.org/pdfs/2008_Annual_Report.pdf]
[www.bridgemin.org/about/newsletters.html]
[www.bridgemin.org/about/history.html]
[www.bridgemin.org/about/testimonials.html]
[www.bridgemin.org/mobility/images/MobilityVolunteer.jpg]
[www.bridgemin.org/mobility/images/2013Warehouse.jpg]
[www.bridgemin.org/mobility/donate_equip.html]
[www.bridgemin.org/images/Christmas_Giving.jpg]
[www.bridgemin.org/pdfs/Gift_Certificate_Dec_2012.pdf]
[www.bridgemin.org/donate/index.html]
[www.bridgemin.org/css/global.css]
[www.bridgemin.org/spiritualcare/images/joyce_stephanie.jpg]
[www.bridgemin.org/spiritualcare/images/2009_SEC_NPC.jpg]
[www.bridgemin.org/spiritualcare/sec.html]
[www.bridgemin.org/spiritualcare/images/Circle_CarolynIblings_Mona.jpg]
[www.bridgemin.org/spiritualcare/images/Sheryl_Sue07.jpg]
[www.bridgemin.org/spiritualcare/circle-of-friends.html]
[www.bridgemin.org/spiritualcare/images/Randy_Gang_car.jpg]
[www.bridgemin.org/spiritualcare/small-groups.html]
[www.bridgemin.org/spiritualcare/testimonials.html]
[www.bridgemin.org/pdfs/2014PowerEquipPgm.pdf]
[www.bridgemin.org/pdfs/2015HELPCenterbrochure.pdf]
[www.bridgemin.org/mobility/images/2015_SVHD_logo.jpg]
[www.bridgemin.org/mobility/inventory.html]
[www.bridgemin.org/Guardianship/private_pay.html]
[www.bridgemin.org/Guardianship/terms.html]
[www.bridgemin.org/Guardianship/images/patty-gordon.jpg]
[www.bridgemin.org/Guardianship/our_guardians.html]
[www.bridgemin.org/Guardianship/history.html]
[www.bridgemin.org/images/AccessVan.jpg]
[www.bridgemin.org/events/index.html]
[www.bridgemin.org/pdfs/2012FallNewsletter.pdf]
[www.bridgemin.org/spiritualcare/SEC-2.html]
[www.bridgemin.org/events/images/2015LuncheonHeading.png]
[www.bridgemin.org/events/images/2015LuncheonPicture.png]
[www.bridgemin.org/events/images/2015LuncheonSpeaker.png]
[www.bridgemin.org/pdfs/2015LuncheonInvitation.pdf]
[www.bridgemin.org/events/2015_Luncheon.html]
[www.bridgemin.org/pdfs/2015RockNRollDancePledgeForm.pdf]
[www.bridgemin.org/pdfs/2015RockNRollDancePledgeCover.pdf]
[www.bridgemin.org/events/rocknroll.html]
[www.bridgemin.org/images/BuildingBridgesGoldLogo.jpg]
[www.bridgemin.org/images/BenefitDinnerDunnLogo.jpg]
[www.bridgemin.org/images/BenefitDinnerMacomberLogo.jpg]
[www.bridgemin.org/images/BenefitDinnerFriendsLogo.jpg]
[www.bridgemin.org/events/benefit_dinner.html]
[www.bridgemin.org/events/Emmanuel_Episcopal.html]
[www.bridgemin.org/volunteer/images/2009_SEC_ Nobu.jpg]
[www.bridgemin.org/volunteer/images/2009Mike_volunteer.jpg]
[www.bridgemin.org/volunteer/2014VolunteerApplication111612.doc]
[www.bridgemin.org/volunteer/images/2009Saan_volunteer.jpg]
[www.bridgemin.org/volunteer/index.html]
[www.bridgemin.org/spiritualcare/transitions.html]
